<p>This is a paragraph <a href="https://github.com/christophercliff/heroku-stripe-checkout/blob/ff1838733c5e1c99b4aa696e4d95b014177839b0/lib/start.js#L5">with a valid link</a>.</p>
<p><a href="https://github.com/christophercliff/heroku-stripe-checkout/blob/ff1838733c5e1c99b4aa696e4d95b014177839b0/lib/start.js">A bogus source</a></p>
<pre><code class="lang-js">process.on(&#39;uncaughtException&#39;, stop)
</code></pre>
<pre><code class="lang-js">server.start(function (err) {
    if (err) throw err
})
</code></pre>
<p>This is just another paragraph.</p>
